==================================================
 LAB-ON-A-CHIP: VIRTUAL MICRO-HPLC INSTRUMENT
 Firmware v2.0 - Antigravity Autonomous LOC Team
==================================================
[SYSTEM] Ready. Press START to begin chromatographic run.
[USER] START button pressed. Initiating baseline calibration...
[CALIBRATION] Baseline stabilized: 0.4987 V. Switching to INJECTION...
[INJECT] Valve switched to INJECT. Pulse sent to Custom Chip.
TIME_S,RAW_V,FILTERED_V,BASELINE_V,STATE
0.04,0.508,0.501,0.499,3
0.10,0.494,0.499,0.499,3
0.13,0.499,0.499,0.499,3
0.17,0.494,0.498,0.499,3
0.22,0.503,0.499,0.499,3
0.25,0.494,0.498,0.499,3
0.31,0.494,0.497,0.499,3
0.35,0.494,0.496,0.499,3
0.39,0.484,0.494,0.499,3
0.43,0.479,0.491,0.499,3
0.47,0.499,0.492,0.499,3
0.52,0.489,0.492,0.499,3
0.56,0.508,0.495,0.499,3
0.61,0.503,0.497,0.499,3
0.65,0.494,0.496,0.499,3
0.69,0.489,0.495,0.499,3
0.74,0.499,0.495,0.499,3
0.78,0.508,0.498,0.499,3
0.82,0.503,0.499,0.499,3
0.86,0.489,0.497,0.499,3
0.90,0.494,0.496,0.499,3
0.95,0.499,0.497,0.499,3
1.00,0.499,0.497,0.499,3
1.03,0.503,0.498,0.499,3
1.08,0.489,0.496,0.499,3
1.12,0.499,0.497,0.499,3
1.17,0.503,0.498,0.499,3
1.21,0.489,0.496,0.499,3
1.25,0.489,0.495,0.499,3
1.29,0.489,0.494,0.499,3
1.33,0.503,0.496,0.499,3
1.38,0.489,0.494,0.499,3
1.42,0.499,0.495,0.499,3
1.47,0.508,0.498,0.499,3
1.50,0.494,0.497,0.499,3
1.54,0.489,0.495,0.499,3
1.60,0.494,0.495,0.499,3
1.64,0.513,0.499,0.499,3
1.68,0.499,0.499,0.499,3
1.72,0.494,0.498,0.499,3
1.76,0.513,0.501,0.499,3
1.82,0.499,0.500,0.499,3
1.86,0.479,0.496,0.499,3
1.90,0.503,0.498,0.499,3
1.93,0.494,0.497,0.499,3
1.98,0.494,0.496,0.499,3
2.03,0.499,0.497,0.499,3
2.07,0.518,0.501,0.499,3
2.11,0.503,0.501,0.499,3
2.15,0.499,0.501,0.499,3
2.19,0.494,0.499,0.499,3
2.25,0.494,0.498,0.499,3
2.29,0.499,0.498,0.499,3
2.33,0.499,0.498,0.499,3
2.37,0.503,0.499,0.499,3
2.41,0.489,0.497,0.499,3
2.46,0.494,0.497,0.499,3
2.50,0.489,0.495,0.499,3
2.54,0.503,0.497,0.499,3
2.58,0.503,0.498,0.499,3
2.62,0.494,0.497,0.499,3
2.68,0.503,0.498,0.499,3
2.72,0.489,0.496,0.499,3
2.76,0.513,0.500,0.499,3
2.80,0.503,0.501,0.499,3
2.84,0.499,0.500,0.499,3
2.89,0.508,0.502,0.499,3
2.93,0.499,0.501,0.499,3
2.97,0.513,0.504,0.499,3
3.01,0.499,0.503,0.499,3
3.05,0.499,0.502,0.499,3
3.11,0.489,0.499,0.499,3
3.15,0.499,0.499,0.499,3
3.19,0.494,0.498,0.499,3
3.23,0.494,0.497,0.499,3
3.27,0.494,0.496,0.499,3
3.32,0.508,0.499,0.499,3
3.36,0.499,0.499,0.499,3
3.40,0.494,0.498,0.499,3
3.44,0.489,0.496,0.499,3
3.48,0.503,0.497,0.499,3
3.54,0.479,0.494,0.499,3
3.58,0.499,0.495,0.499,3
3.62,0.494,0.494,0.499,3
3.66,0.499,0.495,0.499,3
3.70,0.494,0.495,0.499,3
3.76,0.499,0.496,0.499,3
3.80,0.499,0.496,0.499,3
3.84,0.499,0.497,0.499,3
3.88,0.503,0.498,0.499,3
3.92,0.494,0.497,0.499,3
3.97,0.503,0.498,0.499,3
4.01,0.489,0.496,0.499,3
4.05,0.499,0.497,0.499,3
4.09,0.499,0.497,0.499,3
4.13,0.503,0.498,0.499,3
4.19,0.508,0.500,0.499,3
4.23,0.499,0.500,0.499,3
4.26,0.503,0.501,0.499,3
4.30,0.494,0.499,0.499,3
4.34,0.503,0.500,0.499,3
4.40,0.508,0.502,0.499,3
4.44,0.508,0.503,0.499,3
4.48,0.494,0.501,0.499,3
4.52,0.499,0.501,0.499,3
4.56,0.494,0.499,0.499,3
4.61,0.513,0.502,0.499,3
4.66,0.513,0.504,0.499,3
4.70,0.499,0.503,0.499,3
4.74,0.513,0.505,0.499,3
4.78,0.513,0.507,0.499,3
4.83,0.513,0.508,0.499,3
4.87,0.494,0.505,0.499,3
4.91,0.513,0.507,0.499,3
4.95,0.489,0.503,0.499,3
4.99,0.499,0.502,0.499,3
5.05,0.508,0.503,0.499,3
5.09,0.499,0.502,0.499,3
5.13,0.499,0.502,0.499,3
5.17,0.518,0.505,0.499,3
5.21,0.499,0.504,0.499,3
5.26,0.489,0.501,0.499,3
5.30,0.499,0.500,0.499,3
5.34,0.508,0.502,0.499,3
5.38,0.489,0.499,0.499,3
5.42,0.513,0.502,0.499,3
5.48,0.499,0.501,0.499,3
5.51,0.499,0.501,0.499,3
5.55,0.494,0.499,0.499,3
5.59,0.499,0.499,0.499,3
5.64,0.494,0.498,0.499,3
5.69,0.508,0.500,0.499,3
5.73,0.499,0.500,0.499,3
5.77,0.494,0.499,0.499,3
5.81,0.494,0.498,0.499,3
5.85,0.508,0.500,0.499,3
5.91,0.494,0.499,0.499,3
5.95,0.503,0.499,0.499,3
5.99,0.518,0.503,0.499,3
6.03,0.503,0.503,0.499,3
6.07,0.499,0.502,0.499,3
6.12,0.479,0.498,0.499,3
6.16,0.499,0.498,0.499,3
6.20,0.499,0.498,0.499,3
6.24,0.494,0.497,0.499,3
6.28,0.494,0.496,0.499,3
6.34,0.494,0.496,0.499,3
6.38,0.494,0.495,0.499,3
6.42,0.494,0.495,0.499,3
6.46,0.499,0.496,0.499,3
6.50,0.503,0.497,0.499,3
6.55,0.489,0.496,0.499,3
6.59,0.499,0.496,0.499,3
6.63,0.494,0.496,0.499,3
6.67,0.508,0.498,0.499,3
6.71,0.513,0.501,0.499,3
6.76,0.499,0.501,0.499,3
6.80,0.494,0.499,0.499,3
6.84,0.518,0.503,0.499,3
6.89,0.523,0.507,0.499,3
6.93,0.508,0.507,0.499,3
6.98,0.499,0.506,0.499,3
7.02,0.513,0.507,0.499,3
7.06,0.503,0.506,0.499,3
7.10,0.503,0.506,0.499,3
7.14,0.489,0.502,0.499,3
7.20,0.499,0.502,0.499,3
7.24,0.494,0.500,0.499,3
7.28,0.489,0.498,0.499,3
7.32,0.503,0.499,0.499,3
7.36,0.503,0.500,0.499,3
7.41,0.499,0.500,0.499,3
7.45,0.503,0.500,0.499,3
7.49,0.508,0.502,0.499,3
7.53,0.503,0.502,0.499,3
7.57,0.513,0.504,0.499,3
7.63,0.494,0.502,0.499,3
7.67,0.484,0.499,0.499,3
7.71,0.508,0.501,0.499,3
7.75,0.494,0.499,0.499,3
7.78,0.494,0.498,0.499,3
7.84,0.513,0.501,0.499,3
7.88,0.508,0.503,0.499,3
7.92,0.523,0.507,0.499,3
7.96,0.503,0.506,0.499,3
8.00,0.513,0.507,0.499,3
8.06,0.513,0.509,0.499,3
8.10,0.523,0.511,0.499,3
8.14,0.523,0.514,0.499,3
8.18,0.503,0.512,0.499,3
8.22,0.513,0.512,0.499,3
8.27,0.513,0.512,0.499,3
8.31,0.508,0.511,0.499,3
8.35,0.518,0.513,0.499,3
8.39,0.503,0.511,0.499,3
8.43,0.513,0.511,0.499,3
8.49,0.547,0.519,0.499,3
8.53,0.528,0.520,0.499,3
8.57,0.518,0.520,0.499,3
8.61,0.533,0.523,0.499,3
8.65,0.543,0.527,0.499,3
8.71,0.543,0.530,0.499,3
8.75,0.543,0.532,0.499,3
8.78,0.557,0.537,0.499,3
8.82,0.557,0.541,0.499,3
8.86,0.562,0.545,0.499,3
8.92,0.557,0.548,0.499,3
8.96,0.582,0.555,0.499,3
9.00,0.601,0.564,0.499,3
9.04,0.582,0.567,0.499,3
9.08,0.591,0.572,0.499,3
[DSP] Peak start detected at t = 9.14 s
9.14,0.626,0.583,0.499,3
9.18,0.616,0.589,0.499,3
9.22,0.621,0.596,0.499,3
9.26,0.640,0.605,0.499,3
9.30,0.650,0.614,0.499,3
9.36,0.670,0.625,0.499,3
9.40,0.684,0.637,0.499,3
9.44,0.684,0.646,0.499,3
9.48,0.699,0.657,0.499,3
9.52,0.728,0.671,0.499,3
9.58,0.743,0.685,0.499,3
9.62,0.758,0.700,0.499,3
9.66,0.758,0.711,0.499,3
9.70,0.797,0.728,0.499,3
9.74,0.811,0.745,0.499,3
9.80,0.841,0.764,0.499,3
9.84,0.865,0.784,0.499,3
9.88,0.890,0.805,0.499,3
9.92,0.909,0.826,0.499,3
9.96,0.934,0.848,0.499,3
10.02,0.978,0.874,0.499,3
10.06,1.012,0.901,0.499,3
10.10,1.022,0.925,0.499,3
10.14,1.056,0.951,0.499,3
10.18,1.085,0.978,0.499,3
10.24,1.144,1.011,0.499,3
10.28,1.149,1.039,0.499,3
10.32,1.193,1.069,0.499,3
10.36,1.217,1.099,0.499,3
10.40,1.271,1.133,0.499,3
10.46,1.320,1.171,0.499,3
10.50,1.354,1.207,0.499,3
10.54,1.383,1.242,0.499,3
10.58,1.408,1.275,0.499,3
10.62,1.442,1.309,0.499,3
10.68,1.500,1.347,0.499,3
10.72,1.544,1.387,0.499,3
10.76,1.598,1.429,0.499,3
10.80,1.603,1.464,0.499,3
10.84,1.632,1.497,0.499,3
10.91,1.701,1.538,0.499,3
10.95,1.730,1.577,0.499,3
10.99,1.755,1.612,0.499,3
11.03,1.823,1.654,0.499,3
11.07,1.843,1.692,0.499,3
11.13,1.911,1.736,0.499,3
11.17,1.950,1.779,0.499,3
11.21,1.975,1.818,0.499,3
11.25,1.999,1.854,0.499,3
11.29,2.023,1.888,0.499,3
11.35,2.072,1.925,0.499,3
11.39,2.102,1.960,0.499,3
11.43,2.136,1.995,0.499,3
11.47,2.155,2.027,0.499,3
11.51,2.155,2.053,0.499,3
11.57,2.190,2.080,0.499,3
11.61,2.214,2.107,0.499,3
11.65,2.234,2.132,0.499,3
11.69,2.258,2.158,0.499,3
11.73,2.268,2.180,0.499,3
11.80,2.292,2.202,0.499,3
11.84,2.302,2.222,0.499,3
11.88,2.297,2.237,0.499,3
11.92,2.283,2.246,0.499,3
11.96,2.297,2.256,0.499,3
12.02,2.317,2.268,0.499,3
12.06,2.312,2.277,0.499,3
12.10,2.297,2.281,0.499,3
12.14,2.297,2.284,0.499,3
12.18,2.273,2.282,0.499,3
12.24,2.258,2.277,0.499,3
12.28,2.243,2.270,0.499,3
12.32,2.243,2.265,0.499,3
12.36,2.224,2.257,0.499,3
12.40,2.199,2.245,0.499,3
12.46,2.160,2.228,0.499,3
12.50,2.146,2.212,0.499,3
12.54,2.121,2.194,0.499,3
12.58,2.102,2.175,0.499,3
12.62,2.072,2.155,0.499,3
12.69,2.038,2.131,0.499,3
12.73,1.999,2.105,0.499,3
12.77,1.945,2.073,0.499,3
12.81,1.926,2.044,0.499,3
12.85,1.906,2.016,0.499,3
12.91,1.848,1.982,0.499,3
12.95,1.804,1.947,0.499,3
12.99,1.774,1.912,0.499,3
13.03,1.745,1.879,0.499,3
13.07,1.716,1.846,0.499,3
13.13,1.642,1.805,0.499,3
13.17,1.608,1.766,0.499,3
13.21,1.584,1.729,0.499,3
13.25,1.540,1.691,0.499,3
13.29,1.481,1.649,0.499,3
13.35,1.432,1.606,0.499,3
13.39,1.417,1.568,0.499,3
13.43,1.373,1.529,0.499,3
13.47,1.339,1.491,0.499,3
13.52,1.300,1.453,0.499,3
13.58,1.261,1.415,0.499,3
13.62,1.227,1.377,0.499,3
13.66,1.193,1.340,0.499,3
13.70,1.153,1.303,0.499,3
13.74,1.124,1.267,0.499,3
13.80,1.080,1.230,0.499,3
13.84,1.065,1.197,0.499,3
13.88,1.031,1.164,0.499,3
13.92,1.012,1.133,0.499,3
13.96,0.978,1.102,0.499,3
14.02,0.938,1.069,0.499,3
14.06,0.899,1.035,0.499,3
14.10,0.890,1.006,0.499,3
14.14,0.855,0.976,0.499,3
14.18,0.836,0.948,0.499,3
14.24,0.811,0.921,0.499,3
14.28,0.792,0.895,0.499,3
14.32,0.787,0.873,0.499,3
14.36,0.767,0.852,0.499,3
14.40,0.748,0.831,0.499,3
14.46,0.718,0.809,0.499,3
14.50,0.699,0.787,0.499,3
14.54,0.694,0.768,0.499,3
14.58,0.684,0.751,0.499,3
14.62,0.650,0.731,0.499,3
14.69,0.645,0.714,0.499,3
[DSP] Peak #1 validated: tR = 12.14 s, Area = 4.787 V*s, Plates N = 75
14.73,0.635,0.698,0.499,3
14.77,0.635,0.686,0.499,3
14.81,0.621,0.673,0.499,3
14.85,0.606,0.659,0.499,3
14.90,0.601,0.648,0.499,3
14.94,0.587,0.635,0.499,3
14.98,0.591,0.627,0.499,3
15.02,0.577,0.617,0.499,3
15.06,0.572,0.608,0.499,3
15.11,0.567,0.600,0.499,3
15.15,0.557,0.591,0.499,3
15.19,0.552,0.583,0.499,3
15.23,0.552,0.577,0.499,3
15.27,0.552,0.572,0.499,3
15.33,0.533,0.564,0.499,3
15.37,0.538,0.559,0.499,3
15.41,0.543,0.556,0.499,3
15.45,0.533,0.551,0.499,3
15.49,0.523,0.545,0.499,3
15.55,0.538,0.544,0.499,3
15.59,0.543,0.544,0.499,3
15.63,0.518,0.539,0.499,3
15.67,0.533,0.537,0.499,3
15.71,0.523,0.534,0.499,3
15.76,0.528,0.533,0.499,3
15.80,0.533,0.533,0.499,3
15.84,0.518,0.530,0.499,3
15.88,0.513,0.527,0.499,3
15.92,0.508,0.523,0.499,3
15.98,0.513,0.521,0.499,3
16.01,0.513,0.519,0.499,3
16.05,0.523,0.520,0.499,3
16.09,0.503,0.517,0.499,3
16.13,0.513,0.516,0.499,3
16.19,0.499,0.513,0.499,3
16.23,0.494,0.509,0.499,3
16.27,0.503,0.508,0.499,3
16.31,0.518,0.510,0.499,3
16.35,0.513,0.510,0.499,3
16.40,0.508,0.510,0.499,3
16.44,0.508,0.510,0.499,3
16.48,0.508,0.509,0.499,3
16.52,0.508,0.509,0.499,3
16.56,0.513,0.510,0.499,3
16.62,0.513,0.511,0.499,3
16.66,0.508,0.510,0.499,3
16.70,0.508,0.510,0.499,3
16.74,0.513,0.510,0.499,3
16.78,0.503,0.509,0.499,3
16.83,0.503,0.508,0.499,3
16.87,0.513,0.509,0.499,3
16.92,0.503,0.508,0.499,3
16.95,0.508,0.508,0.499,3
17.00,0.503,0.507,0.499,3
17.05,0.503,0.506,0.499,3
17.09,0.503,0.506,0.499,3
17.13,0.508,0.506,0.499,3
17.17,0.503,0.506,0.499,3
17.21,0.513,0.507,0.499,3
17.26,0.484,0.503,0.499,3
17.30,0.499,0.502,0.499,3
17.34,0.508,0.503,0.499,3
17.38,0.503,0.503,0.499,3
17.42,0.503,0.503,0.499,3
17.48,0.508,0.504,0.499,3
17.52,0.518,0.507,0.499,3
17.56,0.503,0.506,0.499,3
17.60,0.513,0.508,0.499,3
17.64,0.503,0.507,0.499,3
17.69,0.508,0.507,0.499,3
17.73,0.508,0.507,0.499,3
17.77,0.508,0.508,0.499,3
17.81,0.508,0.508,0.499,3
17.85,0.513,0.509,0.499,3
17.91,0.503,0.508,0.499,3
17.95,0.513,0.509,0.499,3
17.99,0.513,0.510,0.499,3
18.03,0.499,0.507,0.499,3
18.07,0.508,0.508,0.499,3
18.13,0.513,0.509,0.499,3
18.17,0.518,0.511,0.499,3
18.21,0.508,0.510,0.499,3
18.25,0.513,0.511,0.499,3
18.29,0.513,0.511,0.499,3
18.34,0.503,0.510,0.499,3
18.38,0.508,0.509,0.499,3
18.42,0.513,0.510,0.499,3
18.46,0.523,0.513,0.499,3
18.50,0.513,0.513,0.499,3
18.56,0.503,0.511,0.499,3
18.60,0.528,0.514,0.499,3
18.64,0.508,0.513,0.499,3
18.68,0.513,0.513,0.499,3
18.72,0.528,0.516,0.499,3
18.77,0.523,0.517,0.499,3
18.81,0.518,0.518,0.499,3
18.85,0.518,0.518,0.499,3
18.89,0.513,0.517,0.499,3
18.93,0.513,0.516,0.499,3
18.99,0.513,0.515,0.499,3
19.03,0.528,0.518,0.499,3
19.07,0.513,0.517,0.499,3
19.11,0.523,0.518,0.499,3
19.15,0.528,0.520,0.499,3
19.20,0.528,0.522,0.499,3
19.25,0.533,0.524,0.499,3
19.28,0.533,0.526,0.499,3
19.32,0.528,0.526,0.499,3
19.36,0.508,0.523,0.499,3
19.42,0.523,0.523,0.499,3
19.46,0.528,0.524,0.499,3
19.50,0.528,0.525,0.499,3
19.54,0.518,0.523,0.499,3
19.58,0.538,0.526,0.499,3
19.63,0.528,0.526,0.499,3
19.67,0.533,0.528,0.499,3
19.71,0.547,0.532,0.499,3
19.75,0.552,0.536,0.499,3
19.79,0.543,0.537,0.499,3
19.85,0.547,0.539,0.499,3
19.89,0.547,0.541,0.499,3
19.93,0.562,0.545,0.499,3
19.97,0.547,0.546,0.499,3
20.01,0.567,0.550,0.499,3
20.07,0.562,0.552,0.499,3
20.10,0.557,0.553,0.499,3
20.14,0.572,0.557,0.499,3
20.18,0.577,0.561,0.499,3
20.22,0.567,0.562,0.499,3
20.28,0.591,0.568,0.499,3
20.32,0.596,0.574,0.499,3
[DSP] Peak start detected at t = 20.36 s
20.36,0.601,0.579,0.499,3
20.40,0.601,0.584,0.499,3
20.44,0.611,0.589,0.499,3
20.50,0.640,0.599,0.499,3
20.54,0.626,0.605,0.499,3
20.58,0.630,0.610,0.499,3
20.62,0.635,0.615,0.499,3
20.66,0.655,0.623,0.499,3
20.72,0.670,0.632,0.499,3
20.76,0.655,0.637,0.499,3
20.80,0.674,0.644,0.499,3
20.84,0.684,0.652,0.499,3
20.88,0.684,0.659,0.499,3
20.94,0.704,0.668,0.499,3
20.98,0.704,0.675,0.499,3
21.02,0.704,0.681,0.499,3
21.06,0.733,0.691,0.499,3
21.10,0.733,0.700,0.499,3
21.17,0.767,0.713,0.499,3
21.21,0.772,0.725,0.499,3
21.25,0.777,0.735,0.499,3
21.29,0.792,0.747,0.499,3
21.33,0.811,0.760,0.499,3
21.39,0.850,0.778,0.499,3
21.43,0.850,0.792,0.499,3
21.47,0.865,0.807,0.499,3
21.51,0.875,0.820,0.499,3
21.55,0.899,0.836,0.499,3
21.61,0.919,0.853,0.499,3
21.65,0.924,0.867,0.499,3
21.69,0.953,0.884,0.499,3
21.73,0.987,0.905,0.499,3
21.77,1.012,0.926,0.499,3
21.83,1.031,0.947,0.499,3
21.87,1.051,0.968,0.499,3
21.91,1.070,0.988,0.499,3
21.95,1.075,1.006,0.499,3
21.99,1.119,1.028,0.499,3
22.05,1.163,1.055,0.499,3
22.09,1.183,1.081,0.499,3
22.13,1.197,1.104,0.499,3
22.17,1.217,1.127,0.499,3
22.21,1.232,1.148,0.499,3
22.27,1.285,1.175,0.499,3
22.31,1.300,1.200,0.499,3
22.35,1.334,1.227,0.499,3
22.39,1.349,1.251,0.499,3
22.43,1.383,1.278,0.499,3
22.50,1.437,1.310,0.499,3
22.53,1.457,1.339,0.499,3
22.57,1.486,1.368,0.499,3
22.61,1.520,1.399,0.499,3
22.65,1.540,1.427,0.499,3
22.72,1.593,1.460,0.499,3
22.76,1.623,1.493,0.499,3
22.80,1.647,1.524,0.499,3
22.84,1.681,1.555,0.499,3
22.88,1.730,1.590,0.499,3
22.94,1.769,1.626,0.499,3
22.98,1.794,1.660,0.499,3
23.02,1.857,1.699,0.499,3
23.06,1.862,1.732,0.499,3
23.10,1.887,1.763,0.499,3
23.16,1.950,1.800,0.499,3
23.20,1.989,1.838,0.499,3
23.24,2.004,1.871,0.499,3
23.28,2.033,1.904,0.499,3
23.32,2.072,1.937,0.499,3
23.38,2.126,1.975,0.499,3
23.42,2.155,2.011,0.499,3
23.46,2.185,2.046,0.499,3
23.50,2.234,2.083,0.499,3
23.54,2.253,2.117,0.499,3
23.61,2.307,2.155,0.499,3
23.65,2.341,2.192,0.499,3
23.69,2.361,2.226,0.499,3
23.73,2.390,2.259,0.499,3
23.77,2.434,2.294,0.499,3
23.83,2.463,2.328,0.499,3
23.87,2.502,2.363,0.499,3
23.91,2.522,2.395,0.499,3
23.95,2.542,2.424,0.499,3
23.99,2.566,2.452,0.499,3
24.05,2.610,2.484,0.499,3
24.09,2.634,2.514,0.499,3
24.13,2.669,2.545,0.499,3
24.17,2.683,2.573,0.499,3
24.21,2.708,2.600,0.499,3
24.27,2.737,2.627,0.499,3
24.31,2.752,2.652,0.499,3
24.35,2.766,2.675,0.499,3
24.39,2.781,2.696,0.499,3
24.43,2.801,2.717,0.499,3
24.50,2.830,2.740,0.499,3
24.54,2.849,2.762,0.499,3
24.58,2.840,2.777,0.499,3
24.62,2.869,2.796,0.499,3
24.66,2.874,2.811,0.499,3
24.72,2.898,2.829,0.499,3
24.76,2.908,2.845,0.499,3
24.80,2.893,2.854,0.499,3
24.84,2.908,2.865,0.499,3
24.88,2.903,2.873,0.499,3
24.94,2.898,2.878,0.499,3
24.98,2.913,2.885,0.499,3
25.02,2.923,2.892,0.499,3
25.06,2.913,2.897,0.499,3
25.10,2.913,2.900,0.499,3
25.16,2.884,2.897,0.499,3
25.20,2.889,2.895,0.499,3
25.24,2.879,2.892,0.499,3
25.28,2.864,2.886,0.499,3
25.32,2.874,2.884,0.499,3
25.39,2.840,2.875,0.499,3
25.43,2.854,2.871,0.499,3
25.47,2.820,2.861,0.499,3
25.51,2.835,2.856,0.499,3
25.55,2.791,2.843,0.499,3
25.61,2.766,2.827,0.499,3
25.65,2.747,2.811,0.499,3
25.69,2.737,2.796,0.499,3
25.73,2.722,2.782,0.499,3
25.77,2.688,2.763,0.499,3
25.83,2.664,2.743,0.499,3
25.87,2.644,2.723,0.499,3
25.91,2.610,2.701,0.499,3
25.95,2.590,2.679,0.499,3
25.99,2.566,2.656,0.499,3
26.05,2.522,2.629,0.499,3
26.09,2.512,2.606,0.499,3
26.13,2.468,2.578,0.499,3
26.17,2.434,2.549,0.499,3
26.21,2.400,2.520,0.499,3
26.28,2.366,2.489,0.499,3
26.32,2.336,2.458,0.499,3
26.36,2.312,2.429,0.499,3
26.40,2.283,2.400,0.499,3
26.44,2.253,2.370,0.499,3
26.50,2.199,2.336,0.499,3
26.54,2.165,2.302,0.499,3
26.58,2.146,2.271,0.499,3
26.62,2.097,2.236,0.499,3
26.66,2.072,2.203,0.499,3
26.72,2.019,2.166,0.499,3
26.76,1.984,2.130,0.499,3
26.80,1.960,2.096,0.499,3
26.84,1.931,2.063,0.499,3
26.88,1.896,2.030,0.499,3
26.94,1.843,1.992,0.499,3
26.98,1.813,1.956,0.499,3
27.02,1.784,1.922,0.499,3
27.06,1.750,1.887,0.499,3
27.10,1.716,1.853,0.499,3
27.17,1.667,1.816,0.499,3
27.20,1.623,1.777,0.499,3
27.25,1.598,1.741,0.499,3
27.28,1.593,1.712,0.499,3
27.32,1.540,1.677,0.499,3
27.39,1.505,1.643,0.499,3
27.43,1.481,1.611,0.499,3
27.47,1.437,1.576,0.499,3
27.51,1.408,1.542,0.499,3
27.55,1.378,1.509,0.499,3
27.61,1.334,1.474,0.499,3
27.65,1.305,1.441,0.499,3
27.69,1.295,1.411,0.499,3
27.73,1.261,1.381,0.499,3
27.77,1.227,1.350,0.499,3
27.83,1.207,1.322,0.499,3
27.87,1.178,1.293,0.499,3
27.91,1.163,1.267,0.499,3
27.95,1.139,1.241,0.499,3
27.99,1.105,1.214,0.499,3
28.05,1.075,1.186,0.499,3
28.09,1.056,1.160,0.499,3
28.13,1.031,1.134,0.499,3
28.17,1.007,1.109,0.499,3
28.21,0.978,1.083,0.499,3
28.27,0.958,1.058,0.499,3
28.31,0.934,1.033,0.499,3
28.35,0.948,1.016,0.499,3
28.39,0.924,0.997,0.499,3
28.43,0.899,0.978,0.499,3
28.49,0.875,0.957,0.499,3
28.53,0.865,0.939,0.499,3
28.57,0.846,0.920,0.499,3
28.61,0.821,0.900,0.499,3
28.65,0.797,0.880,0.499,3
28.72,0.792,0.862,0.499,3
28.76,0.782,0.846,0.499,3
28.80,0.772,0.831,0.499,3
28.84,0.762,0.818,0.499,3
28.88,0.748,0.804,0.499,3
28.94,0.723,0.788,0.499,3
[DSP] Peak #2 validated: tR = 25.10 s, Area = 9.634 V*s, Plates N = 135
28.98,0.714,0.773,0.499,3
29.02,0.714,0.761,0.499,3
29.06,0.699,0.749,0.499,3
29.10,0.684,0.736,0.499,3
29.15,0.674,0.723,0.499,3
29.19,0.679,0.715,0.499,3
29.23,0.679,0.708,0.499,3
29.27,0.660,0.698,0.499,3
29.31,0.650,0.688,0.499,3
29.37,0.645,0.680,0.499,3
29.41,0.635,0.671,0.499,3
29.45,0.626,0.662,0.499,3
29.49,0.621,0.654,0.499,3
29.53,0.606,0.644,0.499,3
29.58,0.611,0.637,0.499,3
29.62,0.606,0.631,0.499,3
29.66,0.596,0.624,0.499,3
29.70,0.577,0.615,0.499,3
29.74,0.596,0.611,0.499,3
29.80,0.587,0.606,0.499,3
29.84,0.567,0.598,0.499,3
29.88,0.572,0.593,0.499,3
29.92,0.567,0.588,0.499,3
29.96,0.562,0.583,0.499,3
30.01,0.572,0.580,0.499,3
30.05,0.552,0.575,0.499,3
30.09,0.562,0.572,0.499,3
30.13,0.567,0.571,0.499,3
30.17,0.543,0.565,0.499,3
30.23,0.552,0.563,0.499,3
30.27,0.543,0.559,0.499,3
30.31,0.547,0.557,0.499,3
30.35,0.543,0.554,0.499,3
30.39,0.543,0.551,0.499,3
30.44,0.533,0.548,0.499,3
30.48,0.538,0.546,0.499,3
30.52,0.543,0.545,0.499,3
30.56,0.538,0.544,0.499,3
30.60,0.538,0.542,0.499,3
30.66,0.533,0.540,0.499,3
30.70,0.528,0.538,0.499,3
30.74,0.538,0.538,0.499,3
30.78,0.528,0.536,0.499,3
30.82,0.518,0.532,0.499,3
30.87,0.523,0.530,0.499,3
30.91,0.528,0.530,0.499,3
30.95,0.533,0.530,0.499,3
30.99,0.523,0.529,0.499,3
31.03,0.518,0.527,0.499,3
31.09,0.528,0.527,0.499,3
31.13,0.523,0.526,0.499,3
31.17,0.518,0.525,0.499,3
31.21,0.528,0.525,0.499,3
31.25,0.513,0.523,0.499,3
31.30,0.523,0.523,0.499,3
31.34,0.528,0.524,0.499,3
31.38,0.513,0.522,0.499,3
31.42,0.528,0.523,0.499,3
31.46,0.518,0.522,0.499,3
31.52,0.518,0.521,0.499,3
31.56,0.523,0.522,0.499,3
31.60,0.518,0.521,0.499,3
31.64,0.518,0.520,0.499,3
31.68,0.513,0.519,0.499,3
31.73,0.533,0.522,0.499,3
31.77,0.513,0.520,0.499,3
31.81,0.513,0.519,0.499,3
31.85,0.523,0.519,0.499,3
31.89,0.523,0.520,0.499,3
31.95,0.518,0.520,0.499,3
31.99,0.518,0.519,0.499,3
32.03,0.513,0.518,0.499,3
32.07,0.513,0.517,0.499,3
32.11,0.523,0.518,0.499,3
32.17,0.513,0.517,0.499,3
32.21,0.513,0.516,0.499,3
32.25,0.518,0.517,0.499,3
32.29,0.503,0.514,0.499,3
32.33,0.503,0.512,0.499,3
32.38,0.528,0.515,0.499,3
32.42,0.513,0.515,0.499,3
32.46,0.503,0.513,0.499,3
32.50,0.528,0.516,0.499,3
32.54,0.513,0.515,0.499,3
32.60,0.518,0.516,0.499,3
32.64,0.513,0.515,0.499,3
32.68,0.513,0.515,0.499,3
32.72,0.523,0.516,0.499,3
32.76,0.528,0.519,0.499,3
32.81,0.523,0.520,0.499,3
32.86,0.499,0.515,0.499,3
32.90,0.508,0.514,0.499,3
32.94,0.503,0.512,0.499,3
32.97,0.499,0.509,0.499,3
33.03,0.518,0.511,0.499,3
33.07,0.508,0.510,0.499,3
33.11,0.513,0.511,0.499,3
33.15,0.503,0.509,0.499,3
33.19,0.533,0.514,0.499,3
33.25,0.533,0.518,0.499,3
33.29,0.518,0.518,0.499,3
33.33,0.508,0.516,0.499,3
33.37,0.508,0.514,0.499,3
33.40,0.518,0.515,0.499,3
33.46,0.518,0.516,0.499,3
33.50,0.518,0.516,0.499,3
33.54,0.528,0.519,0.499,3
33.58,0.508,0.517,0.499,3
33.62,0.518,0.517,0.499,3
33.68,0.518,0.517,0.499,3
33.72,0.528,0.519,0.499,3
33.76,0.508,0.517,0.499,3
33.79,0.518,0.517,0.499,3
33.84,0.518,0.517,0.499,3
33.89,0.518,0.518,0.499,3
33.93,0.518,0.518,0.499,3
33.97,0.523,0.519,0.499,3
34.01,0.513,0.518,0.499,3
34.05,0.528,0.520,0.499,3
34.11,0.523,0.520,0.499,3
34.15,0.503,0.517,0.499,3
34.19,0.518,0.517,0.499,3
34.22,0.518,0.517,0.499,3
34.27,0.518,0.518,0.499,3
34.32,0.518,0.518,0.499,3
34.36,0.503,0.515,0.499,3
34.40,0.523,0.516,0.499,3
34.44,0.528,0.519,0.499,3
34.48,0.508,0.517,0.499,3
34.54,0.518,0.517,0.499,3
34.58,0.513,0.516,0.499,3
34.62,0.513,0.516,0.499,3
34.65,0.513,0.515,0.499,3
34.70,0.508,0.514,0.499,3
34.75,0.523,0.516,0.499,3
34.79,0.503,0.513,0.499,3
34.83,0.513,0.513,0.499,3
34.87,0.518,0.514,0.499,3
34.91,0.508,0.513,0.499,3
34.97,0.523,0.515,0.499,3
[ELUTION] Run completed. Stopping pump and compiling report...

==================================================
 CHROMATOGRAPHIC RUN SUMMARY (JSON)
==================================================
{
  "total_time_s": 35.0,
  "baseline_v": 0.4987,
  "peaks_found": 2,
  "peaks": [
    {
      "id": 1,
      "retention_time_s": 12.14,
      "height_v": 1.786,
      "area_vs": 4.7870,
      "width_s": 5.59,
      "theoretical_plates_N": 75
    },
    {
      "id": 2,
      "retention_time_s": 25.10,
      "height_v": 2.401,
      "area_vs": 9.6335,
      "width_s": 8.62,
      "theoretical_plates_N": 135
    }
  ],
  "resolution_Rs